// Jest Snapshot v1, https://goo.gl/fbAQLP

exports[`VideoPlayer e2e test 1`] = `
<video
  className="player__video"
  muted={true}
  poster="fantastic-beasts-the-crimes-of-grindelwald.jpg"
/>
`;
