// Jest Snapshot v1, https://goo.gl/fbAQLP

exports[`Проверяет снепшот компонента FilmPageDetalis 1`] = `
Array [
  <div
    className="movie-rating"
  >
    <div
      className="movie-rating__score"
    >
      7.9
    </div>
    <p
      className="movie-rating__meta"
    >
      <span
        className="movie-rating__level"
      >
        good
      </span>
      <span
        className="movie-rating__count"
      >
        94
         ratings
      </span>
    </p>
  </div>,
  <div
    className="movie-card__text"
  >
    <p>
      A pair of young lovers flee their New England town, which causes a local search party to fan out to find them.
    </p>
    <p
      className="movie-card__director"
    >
      <strong>
        Director: 
        Wes Anderson
      </strong>
    </p>
    <p
      className="movie-card__starring"
    >
      <strong>
        Starring: 
        Jared Gilman, Kara Hayward, Bruce Willis
         and other
      </strong>
    </p>
  </div>,
]
`;
