// Jest Snapshot v1, https://goo.gl/fbAQLP

exports[`Проверка снепшота компонента Add 1`] = `
<svg
  height="20px"
  version="1.1"
  viewBox="0 0 19 20"
  width="19px"
>
  <title>
    +
  </title>
  <desc>
    Created with Sketch.
  </desc>
  <g
    fill="none"
    fillRule="evenodd"
    id="Page-1"
    stroke="none"
    strokeWidth="1"
  >
    <polygon
      fill="#EEE5B5"
      id="+"
      points="10.777832 11.2880859 10.777832 19.5527344 8.41650391 19.5527344 8.41650391 11.2880859 0.627929688 11.2880859 0.627929688 8.92675781 8.41650391 8.92675781 8.41650391 0.662109375 10.777832 0.662109375 10.777832 8.92675781 18.5664062 8.92675781 18.5664062 11.2880859"
    />
  </g>
</svg>
`;

exports[`Проверка снепшота компонента PlayS 1`] = `
<svg
  fill="none"
  height="19"
  viewBox="0 0 19 19"
  width="19"
>
  <path
    clipRule="evenodd"
    d="M0 0L19 9.5L0 19V0Z"
    fill="#EEE5B5"
    fillRule="evenodd"
  />
</svg>
`;
