// Jest Snapshot v1, https://goo.gl/fbAQLP

exports[`Проверка снепшота компонента MovieCard 1`] = `
<article
  className="small-movie-card catalog__movies-card"
  onMouseEnter={[Function]}
  onMouseLeave={[Function]}
>
  <div
    className="small-movie-card__image"
  >
    <video
      className="player__video"
      muted={true}
      poster="img/macbeth.jpg"
    />
  </div>
  <h3
    className="small-movie-card__title"
    onClick={[Function]}
  >
    <a
      className="small-movie-card__link"
      href="movie-page.html"
    >
      Movie title
    </a>
  </h3>
</article>
`;
