// Jest Snapshot v1, https://goo.gl/fbAQLP

exports[`Проверка снэпшота withActiveItem withActiveItem is rendered correctly 1`] = `<div />`;
